com\example\howtodoinjava\springbootsoapservice\StudentRepository.class
com\example\howtodoinjava\springbootsoapservice\SpringBootSoapServiceApplication.class
org\datacontract\schemas\_2004\_07\integrationservicelayer_services_entities\ObjectFactory.class
org\datacontract\schemas\_2004\_07\integrationservicelayer_services_entities\Valuation.class
org\datacontract\schemas\_2004\_07\integrationservicelayer_services_entities\VehicleValuationResponse.class
com\howtodoinjava\xml\school\StudentDetailsRequest.class
com\example\howtodoinjava\springbootsoapservice\CazanaVehicleValuationServiceEndpoint.class
com\howtodoinjava\xml\school\StudentDetailsResponse.class
org\datacontract\schemas\_2004\_07\integrationservicelayer_services_entities\Confidence.class
org\datacontract\schemas\_2004\_07\integrationservicelayer_services_entities\Mileage.class
org\datacontract\schemas\_2004\_07\integrationservicelayer_services_entities\package-info.class
com\example\howtodoinjava\springbootsoapservice\CazanaVehicleValuationServiceRepository.class
com\example\howtodoinjava\springbootsoapservice\StudentEndpoint.class
org\datacontract\schemas\_2004\_07\integrationservicelayer_services_entities\GrossProfit.class
com\example\howtodoinjava\springbootsoapservice\Config.class
com\howtodoinjava\xml\school\Student.class
org\datacontract\schemas\_2004\_07\integrationservicelayer_services_entities\VehicleValuationRequest.class
com\howtodoinjava\xml\school\package-info.class
com\howtodoinjava\xml\school\ObjectFactory.class
