D:\o2-siva.com\docker-microservices\soap-ws\spring-boot-soap-service\src\main\java\com\howtodoinjava\xml\school\package-info.java
D:\o2-siva.com\docker-microservices\soap-ws\spring-boot-soap-service\src\main\java\org\datacontract\schemas\_2004\_07\integrationservicelayer_services_entities\GrossProfit.java
D:\o2-siva.com\docker-microservices\soap-ws\spring-boot-soap-service\src\main\java\com\example\howtodoinjava\springbootsoapservice\SpringBootSoapServiceApplication.java
D:\o2-siva.com\docker-microservices\soap-ws\spring-boot-soap-service\src\main\java\org\datacontract\schemas\_2004\_07\integrationservicelayer_services_entities\Mileage.java
D:\o2-siva.com\docker-microservices\soap-ws\spring-boot-soap-service\src\main\java\org\datacontract\schemas\_2004\_07\integrationservicelayer_services_entities\Valuation.java
D:\o2-siva.com\docker-microservices\soap-ws\spring-boot-soap-service\src\main\java\com\example\howtodoinjava\springbootsoapservice\StudentRepository.java
D:\o2-siva.com\docker-microservices\soap-ws\spring-boot-soap-service\src\main\java\org\datacontract\schemas\_2004\_07\integrationservicelayer_services_entities\ObjectFactory.java
D:\o2-siva.com\docker-microservices\soap-ws\spring-boot-soap-service\src\main\java\com\example\howtodoinjava\springbootsoapservice\StudentEndpoint.java
D:\o2-siva.com\docker-microservices\soap-ws\spring-boot-soap-service\src\main\java\org\datacontract\schemas\_2004\_07\integrationservicelayer_services_entities\package-info.java
D:\o2-siva.com\docker-microservices\soap-ws\spring-boot-soap-service\src\main\java\com\howtodoinjava\xml\school\ObjectFactory.java
D:\o2-siva.com\docker-microservices\soap-ws\spring-boot-soap-service\src\main\java\com\howtodoinjava\xml\school\Student.java
D:\o2-siva.com\docker-microservices\soap-ws\spring-boot-soap-service\src\main\java\com\example\howtodoinjava\springbootsoapservice\Config.java
D:\o2-siva.com\docker-microservices\soap-ws\spring-boot-soap-service\src\main\java\org\datacontract\schemas\_2004\_07\integrationservicelayer_services_entities\VehicleValuationRequest.java
D:\o2-siva.com\docker-microservices\soap-ws\spring-boot-soap-service\src\main\java\com\howtodoinjava\xml\school\StudentDetailsRequest.java
D:\o2-siva.com\docker-microservices\soap-ws\spring-boot-soap-service\src\main\java\com\howtodoinjava\xml\school\StudentDetailsResponse.java
D:\o2-siva.com\docker-microservices\soap-ws\spring-boot-soap-service\src\main\java\com\example\howtodoinjava\springbootsoapservice\CazanaVehicleValuationServiceEndpoint.java
D:\o2-siva.com\docker-microservices\soap-ws\spring-boot-soap-service\src\main\java\org\datacontract\schemas\_2004\_07\integrationservicelayer_services_entities\Confidence.java
D:\o2-siva.com\docker-microservices\soap-ws\spring-boot-soap-service\src\main\java\org\datacontract\schemas\_2004\_07\integrationservicelayer_services_entities\VehicleValuationResponse.java
D:\o2-siva.com\docker-microservices\soap-ws\spring-boot-soap-service\src\main\java\com\example\howtodoinjava\springbootsoapservice\CazanaVehicleValuationServiceRepository.java
